// Jest Snapshot v1, https://goo.gl/fbAQLP

exports[`QuizResultCard renders correctly 1`] = `
<DocumentFragment>
  <div
    class="MuiBox-root MuiBox-root-4 makeStyles-cardContainer-1"
  >
    <div
      class="_28vIk _2bGnb _1SFBz _12WTq makeStyles-card-16"
    >
      <div
        class="_2So3v _2uw1B "
      >
        <h5
          class="_3yPwv _2TwOi _11JjB _1uvOH "
        >
          Quiz Title
        </h5>
        <p
          class="_3yPwv _2vNlX _1QRSN _1uvOH makeStyles-dateContainer-3"
        >
          date of quiz
        </p>
        <p
          class="_3yPwv _i_J81 _11JjB _1uvOH "
        >
          Result of quiz
          <br />
          Passed
        </p>
      </div>
      <div
        class="_qCt7a _1l5Ig "
      >
        <div
          class="_cL4RU _17_OS  _3W7Om _CWiZp _39_ND "
          style="color: rgb(238, 252, 243); background-color: rgb(33, 150, 243);"
        >
          <button
            class="_3lLt8"
          >
            More details
          </button>
        </div>
      </div>
    </div>
  </div>
</DocumentFragment>
`;
