// Jest Snapshot v1, https://goo.gl/fbAQLP

exports[`LoadingScreen renders correctly 1`] = `
<DocumentFragment>
  <div
    class="makeStyles-loaderContainer-1"
  >
    <div
      aria-valuemax="100"
      aria-valuemin="0"
      aria-valuenow="0"
      class="__234s  _2YVD0 _NijRA "
      id="_56331_"
      role="progressbar"
      style="width: 109px; height: 109px;"
    >
      <div
        class="_1QMv-"
        style="width: 100px; height: 100px; transform: translate3d(-50%, -50%, 0) rotate(0deg);"
      >
        <svg
          class="_2vn3-"
          viewBox="55.55555555555556 55.55555555555556 111.11111111111111 111.11111111111111"
          xmlns="http://www.w3.org/2000/svg"
        >
          <circle
            class="_53Md9"
            cx="111.11111111111111"
            cy="111.11111111111111"
            r="50"
            style="stroke-width: 10; stroke-dasharray: 314.159; stroke-dashoffset: 314.1592653589793;"
          />
        </svg>
      </div>
      <div
        class="_3Jx6J"
        style="width: 105px; height: 105px;"
      />
      <div
        class="_1iTMT"
        style="width: 74px; height: 74px;"
      />
      <label
        class="_2hjq3"
        style="font-size: 30px;"
      />
    </div>
  </div>
</DocumentFragment>
`;
